core_cm3.h:1511:22:__NVIC_EnableIRQ	16	static
core_cm3.h:1639:22:__NVIC_SetPriority	16	static
main.c:38:6:USART2_IRQHandler	16	static
main.c:62:6:TIM2_IRQHandler	8	static
main.c:89:6:initPorts	4	static
main.c:156:6:initTIM2	8	static
main.c:177:6:initClk	4	static
main.c:222:6:initUSART2	8	static
main.c:258:6:txStr	24	static
main.c:274:6:ExecuteCommand	24	static
main.c:349:6:delay	24	static
main.c:354:6:initButton_10	8	static
main.c:376:6:initButton_11	8	static
main.c:400:6:EXTI15_10_IRQHandler	8	static
main.c:448:6:port_configuration	4	static
main.c:504:5:func_onn	16	static
main.c:559:5:main	8	static
